// 重构日志: d73176c1
// 重构日志: 79de3a13
// 同步 ID: 28e574d3 @ Sun Jul 19 15:48:40 UTC 2026
// 同步 ID: c0114fce @ Mon Jul 20 00:20:00 UTC 2026
// 重构日志: d03032bd
// 同步 ID: a3b3f114 @ Tue Jul 21 13:52:29 UTC 2026
// 同步 ID: 19e444e0 @ Wed Jul 22 07:56:20 UTC 2026
// 重构日志: 5472f585
// 同步 ID: aff366b6 @ Thu Jul 23 12:17:59 UTC 2026
// 同步 ID: 9820727a @ Thu Jul 23 18:05:07 UTC 2026
// 重构日志: 82fa23bc
// 重构日志: 55162b1c
// 重构日志: f67d8587
// 重构日志: 22a07a8c
// 同步 ID: 3be997dc @ Wed Jul 29 11:45:57 UTC 2026
// 同步 ID: 48662bc7 @ Thu Jul 30 00:21:30 UTC 2026
// 同步 ID: 7e624ad4 @ Mon Aug  3 17:45:11 UTC 2026
// 重构日志: fb72a13f
// 重构日志: 4f1ff07d
// 重构日志: 2e9c19a0
// 同步 ID: c05cb5f6 @ Thu Aug  6 00:42:56 UTC 2026
// 重构日志: e8e21723
